// Jest Snapshot v1, https://goo.gl/fbAQLP

exports[`<App /> renders the component 1`] = `ShallowWrapper {}`;
