// Jest Snapshot v1, https://goo.gl/fbAQLP

exports[`Face component renders correctly 1`] = `ShallowWrapper {}`;
